../Core/Src/main.c:87:1:__io_putchar	16	static
../Core/Src/main.c:103:1:__io_getchar	16	static
../Core/Src/main.c:116:6:HAL_DFSDM_FilterRegConvCpltCallback	16	static
../Core/Src/main.c:121:6:HAL_DFSDM_FilterRegConvHalfCpltCallback	16	static
../Core/Src/main.c:132:5:main	16	static
../Core/Src/main.c:194:6:SystemClock_Config	232	static
../Core/Src/main.c:250:13:MX_DFSDM1_Init	8	static
../Core/Src/main.c:303:13:MX_USART1_Init	8	static
../Core/Src/main.c:335:13:MX_DMA_Init	16	static
../Core/Src/main.c:353:13:MX_GPIO_Init	24	static
../Core/Src/main.c:371:6:Error_Handler	4	static
